// Jest Snapshot v1, https://goo.gl/fbAQLP

exports[`Render WithStyles(NotificationCenter) tests Render 3 items 1`] = `
Array [
  Array [
    <button
      aria-describedby={null}
      className="MuiButtonBase-root-58 MuiButton-root-32 MuiButton-text-34 MuiButton-flat-37 RegularButton-button-15"
      disabled={false}
      onBlur={[Function]}
      onClick={[Function]}
      onContextMenu={[Function]}
      onFocus={[Function]}
      onKeyDown={[Function]}
      onKeyUp={[Function]}
      onMouseDown={[Function]}
      onMouseLeave={[Function]}
      onMouseOver={[Function]}
      onMouseUp={[Function]}
      onTouchEnd={[Function]}
      onTouchMove={[Function]}
      onTouchStart={[Function]}
      tabIndex="0"
      title={null}
      type="button"
    >
      <span
        className="MuiButton-label-33"
      >
        <svg
          aria-hidden="true"
          className="MuiSvgIcon-root-61"
          focusable="false"
          role="presentation"
          viewBox="0 0 24 24"
        >
          <path
            d="M12 22c1.1 0 2-.9 2-2h-4c0 1.1.89 2 2 2zm6-6v-5c0-3.07-1.64-5.64-4.5-6.32V4c0-.83-.67-1.5-1.5-1.5s-1.5.67-1.5 1.5v.68C7.63 5.36 6 7.92 6 11v5l-2 2v1h16v-1l-2-2z"
          />
        </svg>
      </span>
      <span
        className="MuiTouchRipple-root-90"
      />
    </button>,
    "",
  ],
  "",
  "",
]
`;
